[09:27:20] [driver] E1 실행 시작
[09:27:20] [driver] seed=0 프로세스 시작 pid=1694178
[09:27:20] [driver] seed=1 프로세스 시작 pid=1694179
[09:27:20] [driver] seed=2 프로세스 시작 pid=1694180
[10:30:50] [driver] seed=0 종료 rc=0
[10:31:55] [driver] seed=1 종료 rc=0
[10:31:55] [driver] seed=2 종료 rc=0
[10:31:55] [driver] 시드 완료 3/3
[10:31:55] [driver] 전 시드 완료 (3875s 경과)
[13:02:40] [driver] M 선택 완료 (12920s 경과)
[13:04:10] [driver] 치명적 오류: stage_curve 실패 rc=-15. curve.log 참조.
[13:05:37] [driver] E1 실행 시작
[13:05:37] [driver] seed=0 이미 완료 — 스킵
[13:05:37] [driver] seed=1 이미 완료 — 스킵
[13:05:37] [driver] seed=2 이미 완료 — 스킵
[13:05:37] [driver] 시드 완료 3/3
[13:05:37] [driver] 전 시드 완료 (0s 경과)
[13:05:39] [driver] M 선택 완료 (3s 경과)
[13:57:19] [driver] L/M/H 저하 곡선 완료 (3102s 경과)
[13:57:21] [driver] E1 실행 전체 완료. 총 3104초 (0.86시간)
